122c01.dat                     Plate  2 x  2 with Red Wheels (Complete)
2599.dat                       Minifig Flipper
3002.dat                       Brick  2 x  3
3004.dat                       Brick  1 x  2
3004p90.dat                    Brick  1 x  2 with Classic Space Logo Pattern
3005.dat                       Brick  1 x  1
30090.dat                      Minifig Diver Mask
30132.dat                      Minifig Gun Revolver
30148.dat                      Minifig Camera Movie
30152.dat                      Minifig Tool Magnifying Glass
3020.dat                       Plate  2 x  4
3020.dat                       Plate  2 x  4
3021.dat                       Plate  2 x  3
3022.dat                       Plate  2 x  2
3023.dat                       Plate  1 x  2
3024.dat                       Plate  1 x  1
3031.dat                       Plate  4 x  4
30385.dat                      Rock  1 x  1 Crystal 5 Point
3039.dat                       Slope Brick 45  2 x  2
3062a.dat                      Brick  1 x  1 Round with Solid Stud
3068b.dat                      Tile  2 x  2 with Groove
3455.dat                       Arch  1 x  6
3623.dat                       Plate  1 x  3
3623.dat                       Plate  1 x  3
3623.dat                       Plate  1 x  3
3623.dat                       Plate  1 x  3
3626bpa7.dat                   Minifig Head with Monocle, Scar, and Moustache Pattern
3626bps5.dat                   Minifig Head with SW Smirk and Brown Eyebrows Pattern
3641.dat                       Tyre  6/ 50 x  8 Offset Tread
3710.dat                       Plate  1 x  4
3710.dat                       Plate  1 x  4
3788.dat                       Car Mudguard  2 x  4
3788.dat                       Car Mudguard  2 x  4
3815.dat                       Minifig Hips
3815c01.dat                    Minifig Hips and Legs
3816.dat                       Minifig Leg Right
3817.dat                       Minifig Leg Left
3818.dat                       Minifig Arm Right
3819.dat                       Minifig Arm Left
3820.dat                       Minifig Hand
3821.dat                       Door  1 x  3 x  1 Right
3822.dat                       Door  1 x  3 x  1 Left
3823.dat                       Windscreen  2 x  4 x  2
3828.dat                       ~Car Steering Wheel
3829a.dat                      ~Car Steering Wheel Stand
3829c01.dat                    Car Steering Stand and Wheel (Complete)
3838.dat                       Minifig Airtanks
3842b.dat                      Minifig Helmet Classic with Thick Chin Guard and Visor Dimples
3867.dat                       Baseplate 16 x 16
3878.dat                       Minifig Top Hat
3901.dat                       Minifig Hair Male
3937.dat                       Hinge  1 x  2 Base
3938.dat                       Hinge  1 x  2 Top
3947.dat                       Baseplate 32 x 32 with Craters
3957a.dat                      Antenna  4H with Rounded Top
3958.dat                       Plate  6 x  6
3959.dat                       Minifig Torch
4070.dat                       Brick  1 x  1 with Headlight
4079.dat                       Minifig Seat  2 x  2
4213.dat                       Hinge Car Roof  4 x  4
4214.dat                       Hinge Car Roof Holder  1 x  4 x  2
4315.dat                       Hinge Plate  1 x  4 with Car Roof Holder
4315.dat                       Hinge Plate  1 x  4 with Car Roof Holder
4479a.dat                      Minifig Metal Detector
4485.dat                       Minifig Cap with Long Flat Peak
4600.dat                       Plate  2 x  2 with 2 Wheel Pins
4624.dat                       Wheel Rim  6.4 x  8
6141.dat                       Plate  1 x  1 Round
6141.dat                       Plate  1 x  1 Round
973.dat                        Minifig Torso
973p90.dat                     Minifig Torso with Classic Space Pattern
973pdf.dat                     Minifig Torso with Black Suit, Red Shirt, Gold Clasps Pattern
light.dat                      Pov-RAY Light Source
