3957a.dat                      Antenna  4H with Rounded Top
3455.dat                       Arch  1 x  6
3867.dat                       Baseplate 16 x 16
3947.dat                       Baseplate 32 x 32 with Craters
3005.dat                       Brick  1 x  1
3062a.dat                      Brick  1 x  1 Round with Solid Stud
3004p90.dat                    Brick  1 x  2 with Classic Space Logo Pattern
3002.dat                       Brick  2 x  3
3829c01.dat                    Car Steering Stand and Wheel (Complete)
3838.dat                       Minifig Airtanks
3819.dat                       Minifig Arm Left
3818.dat                       Minifig Arm Right
30148.dat                      Minifig Camera Movie
4485.dat                       Minifig Cap with Long Flat Peak
30090.dat                      Minifig Diver Mask
2599.dat                       Minifig Flipper
30132.dat                      Minifig Gun Revolver
3901.dat                       Minifig Hair Male
3820.dat                       Minifig Hand
3626bpa7.dat                   Minifig Head with Monocle, Scar, and Moustache Pattern
3626bps5.dat                   Minifig Head with SW Smirk and Brown Eyebrows Pattern
3842b.dat                      Minifig Helmet Classic with Thick Chin Guard and Visor Dimples
3815.dat                       Minifig Hips
3815c01.dat                    Minifig Hips and Legs
3817.dat                       Minifig Leg Left
3816.dat                       Minifig Leg Right
4479a.dat                      Minifig Metal Detector
4079.dat                       Minifig Seat  2 x  2
30152.dat                      Minifig Tool Magnifying Glass
3878.dat                       Minifig Top Hat
3959.dat                       Minifig Torch
973.dat                        Minifig Torso
973pdf.dat                     Minifig Torso with Black Suit, Red Shirt, Gold Clasps Pattern
973p90.dat                     Minifig Torso with Classic Space Pattern
3022.dat                       Plate  2 x  2
122c01.dat                     Plate  2 x  2 with Red Wheels (Complete)
3958.dat                       Plate  6 x  6
light.dat                      Pov-RAY Light Source
30385.dat                      Rock  1 x  1 Crystal 5 Point
3039.dat                       Slope Brick 45  2 x  2
3641.dat                       Tyre  6/ 50 x  8 Offset Tread
